allAvg.csv
Date,Brand,AvgPrice,UnitSold,DrakeT,KanyeT,YeezyT,OffWhiteT
1/1/2018,Yeezy,408.8346457,127,11,6,8,3
1/2/2018,Yeezy,408.0993789,161,11,6,8,3
1/3/2018,Yeezy,394.3037975,158,11,6,8,3
1/4/2018,Yeezy,405.5185185,135,10,6,7,4
1/5/2018,Yeezy,404.2205882,136,10,6,7,4
1/6/2018,Yeezy,421.2035398,113,10,6,7,4
1/7/2018,Yeezy,407.5686275,102,10,6,7,4
1/8/2018,Yeezy,410.7131148,122,10,6,7,4
1/9/2018,Yeezy,412.4951456,103,10,6,7,4
1/10/2018,Yeezy,406.1238095,105,10,6,7,4
1/11/2018,Yeezy,418.3153153,111,14,12,6,4
1/12/2018,Yeezy,432.9238095,105,14,12,6,4
1/13/2018,Yeezy,426.90625,96,14,12,6,4
1/14/2018,Yeezy,408.4358974,78,14,12,6,4
1/15/2018,Yeezy,422.0900901,111,14,12,6,4
1/16/2018,Yeezy,440.1747573,103,14,12,6,4
1/17/2018,Yeezy,419.0909091,99,14,12,6,4
1/18/2018,Yeezy,441.0540541,111,19,7,6,3
1/19/2018,Yeezy,449.8448276,116,19,7,6,3
1/20/2018,Yeezy,440.673913,92,19,7,6,3
1/21/2018,Yeezy,420.3846154,78,19,7,6,3
1/22/2018,Yeezy,449.3218391,87,19,7,6,3
1/23/2018,Yeezy,445.0930233,86,19,7,6,3
1/24/2018,Yeezy,439.027027,74,19,7,6,3
1/25/2018,Yeezy,417.25,92,14,8,7,4
1/26/2018,Yeezy,428.1585366,82,14,8,7,4
1/27/2018,Yeezy,424.9680851,94,14,8,7,4
1/28/2018,Yeezy,435.4857143,70,14,8,7,4
1/29/2018,Yeezy,457.7777778,72,14,8,7,4
1/30/2018,Yeezy,454.691358,81,14,8,7,4
1/31/2018,Yeezy,436.7125,80,14,8,7,4
2/1/2018,Yeezy,440.4719101,89,14,7,6,3
2/2/2018,Yeezy,435.9166667,72,14,7,6,3
2/3/2018,Yeezy,437.4935065,77,14,7,6,3
2/4/2018,Yeezy,433.4492754,69,14,7,6,3
2/5/2018,Yeezy,444.5,76,14,7,6,3
2/6/2018,Yeezy,442.525,80,14,7,6,3
2/7/2018,Yeezy,448.3953488,86,14,7,6,3
2/8/2018,Yeezy,436.4367816,87,19,7,7,3
2/9/2018,Yeezy,465.9873418,79,19,7,7,3
2/10/2018,Yeezy,447.5272727,55,19,7,7,3
2/11/2018,Yeezy,425.0508475,59,19,7,7,3
2/12/2018,Yeezy,445.8378378,74,19,7,7,3
2/13/2018,Yeezy,439.8412698,63,19,7,7,3
2/14/2018,Yeezy,439.9545455,66,19,7,7,3
2/15/2018,Yeezy,465.8305085,59,18,6,6,4
2/16/2018,Yeezy,455.5747126,87,18,6,6,4
2/17/2018,Yeezy,436.8714286,70,18,6,6,4
2/18/2018,Yeezy,445.90625,64,18,6,6,4
2/19/2018,Yeezy,443.9305556,72,18,6,6,4
2/20/2018,Yeezy,448.0857143,70,18,6,6,4
2/21/2018,Yeezy,434.1666667,72,18,6,6,4
2/22/2018,Yeezy,452.2954545,88,16,6,6,4
2/23/2018,Yeezy,448.0357143,84,16,6,6,4
2/24/2018,Yeezy,452.2093023,86,16,6,6,4
2/25/2018,Yeezy,434.5070423,71,16,6,6,4
2/26/2018,Yeezy,444.4,75,16,6,6,4
2/27/2018,Yeezy,454.9113924,79,16,6,6,4
2/28/2018,Yeezy,459.2857143,84,16,6,6,4
3/1/2018,Yeezy,467.0898876,89,14,5,9,4
3/2/2018,Yeezy,468.8271605,81,14,5,9,4
3/3/2018,Yeezy,469.3538462,65,14,5,9,4
3/4/2018,Yeezy,450.0508475,59,14,5,9,4
3/5/2018,Yeezy,447.6024096,83,14,5,9,4
3/6/2018,Yeezy,479.804878,82,14,5,9,4
3/7/2018,Yeezy,480.1111111,72,14,5,9,4
3/8/2018,Yeezy,475.5416667,72,17,7,7,3
3/9/2018,Yeezy,449.7142857,70,17,7,7,3
3/10/2018,Yeezy,454.9846154,65,17,7,7,3
3/11/2018,Yeezy,446.9298246,57,17,7,7,3
3/12/2018,Yeezy,471.0779221,77,17,7,7,3
3/13/2018,Yeezy,459.739726,73,17,7,7,3
3/14/2018,Yeezy,475.7258065,62,17,7,7,3
3/15/2018,Yeezy,450.7924528,53,15,6,6,3
3/16/2018,Yeezy,432.3733333,150,15,6,6,3
3/17/2018,Yeezy,448.8,75,15,6,6,3
3/18/2018,Yeezy,484.9848485,66,15,6,6,3
3/19/2018,Yeezy,459.7083333,72,15,6,6,3
3/20/2018,Yeezy,467.7183099,71,15,6,6,3
3/21/2018,Yeezy,450.359375,64,15,6,6,3
3/22/2018,Yeezy,458.0983607,61,14,7,5,6
3/23/2018,Yeezy,472.8,55,14,7,5,6
3/24/2018,Yeezy,481.6,65,14,7,5,6
3/25/2018,Yeezy,481.8360656,61,14,7,5,6
3/26/2018,Yeezy,476.7105263,76,14,7,5,6
3/27/2018,Yeezy,488.1034483,58,14,7,5,6
3/28/2018,Yeezy,474.984127,63,14,7,5,6
3/29/2018,Yeezy,469.6851852,54,17,6,5,4
3/30/2018,Yeezy,498.6969697,66,17,6,5,4
3/31/2018,Yeezy,488.2340426,47,17,6,5,4
4/1/2018,Yeezy,476.1454545,55,17,6,5,4
4/2/2018,Yeezy,481.3442623,61,17,6,5,4
4/3/2018,Yeezy,502.1875,64,17,6,5,4
4/4/2018,Yeezy,484.559322,59,17,6,5,4
4/5/2018,Yeezy,473.6140351,57,20,6,7,4
4/6/2018,Yeezy,485.3833333,60,20,6,7,4
4/7/2018,Yeezy,509.0740741,54,20,6,7,4
4/8/2018,Yeezy,486.5925926,54,20,6,7,4
4/9/2018,Yeezy,463.5636364,55,20,6,7,4
4/10/2018,Yeezy,486.3389831,59,20,6,7,4
4/11/2018,Yeezy,471.9807692,52,20,6,7,4
4/12/2018,Yeezy,489.7068966,58,17,10,7,3
4/13/2018,Yeezy,473.8823529,51,17,10,7,3
4/14/2018,Yeezy,463.98,50,17,10,7,3
4/15/2018,Yeezy,479.14,50,17,10,7,3
4/16/2018,Yeezy,486.2115385,52,17,10,7,3
4/17/2018,Yeezy,479.2,50,17,10,7,3
4/18/2018,Yeezy,494.6041667,48,17,10,7,3
4/19/2018,Yeezy,494.4,45,15,56,8,4
4/20/2018,Yeezy,477.4693878,49,15,56,8,4
4/21/2018,Yeezy,548.4761905,42,15,56,8,4
4/22/2018,Yeezy,487.025641,39,15,56,8,4
4/23/2018,Yeezy,458.6304348,46,15,56,8,4
4/24/2018,Yeezy,466.4042553,47,15,56,8,4
4/25/2018,Yeezy,488.2745098,51,15,56,8,4
4/26/2018,Yeezy,495.1590909,44,17,73,6,3
4/27/2018,Yeezy,487.8611111,36,17,73,6,3
4/28/2018,Yeezy,473.0952381,42,17,73,6,3
4/29/2018,Yeezy,481.0833333,36,17,73,6,3
4/30/2018,Yeezy,500.7317073,41,17,73,6,3
5/1/2018,Yeezy,491.6216216,37,17,73,6,3
5/2/2018,Yeezy,489.8181818,44,17,73,6,3
5/3/2018,Yeezy,507,45,14,24,5,5
5/4/2018,Yeezy,521.2181818,55,14,24,5,5
5/5/2018,Yeezy,470.8717949,39,14,24,5,5
5/6/2018,Yeezy,484.55,40,14,24,5,5
5/7/2018,Yeezy,503.5,48,14,24,5,5
5/8/2018,Yeezy,492.7555556,45,14,24,5,5
5/9/2018,Yeezy,513.6486486,37,14,24,5,5
5/10/2018,Yeezy,515.4565217,46,24,11,5,3
5/11/2018,Yeezy,501.2978723,47,24,11,5,3
5/12/2018,Yeezy,497.425,40,24,11,5,3
5/13/2018,Yeezy,503.0909091,33,24,11,5,3
5/14/2018,Yeezy,489.9824561,57,24,11,5,3
5/15/2018,Yeezy,500.075,40,24,11,5,3
5/16/2018,Yeezy,491.3953488,43,24,11,5,3
5/17/2018,Yeezy,490.030303,33,25,11,4,4
5/18/2018,Yeezy,494.9767442,43,25,11,4,4
5/19/2018,Yeezy,529.6388889,36,25,11,4,4
5/20/2018,Yeezy,453.8666667,30,25,11,4,4
5/21/2018,Yeezy,482.0888889,45,25,11,4,4
5/22/2018,Yeezy,469.7272727,44,25,11,4,4
5/23/2018,Yeezy,481.9534884,43,25,11,4,4
5/24/2018,Yeezy,487.1214953,107,100,35,5,4
5/25/2018,Yeezy,471.6142857,70,100,35,5,4
5/26/2018,Yeezy,479.5416667,48,100,35,5,4
5/27/2018,Yeezy,465.1904762,42,100,35,5,4
5/28/2018,Yeezy,480.8958333,48,100,35,5,4
5/29/2018,Yeezy,419.0325203,123,100,35,5,4
5/30/2018,Yeezy,427.6944444,324,100,35,5,4
5/31/2018,Yeezy,444.7913043,115,32,28,6,4
6/1/2018,Yeezy,445.03125,64,32,28,6,4
6/2/2018,Yeezy,494.34,50,32,28,6,4
6/3/2018,Yeezy,433.0697674,43,32,28,6,4
6/4/2018,Yeezy,450.1320755,53,32,28,6,4
6/5/2018,Yeezy,430.6136364,44,32,28,6,4
6/6/2018,Yeezy,455.4888889,45,32,28,6,4
6/7/2018,Yeezy,442.7826087,46,24,17,6,5
6/8/2018,Yeezy,454.9782609,46,24,17,6,5
6/9/2018,Yeezy,459.5365854,41,24,17,6,5
6/10/2018,Yeezy,440.2954545,44,24,17,6,5
6/11/2018,Yeezy,468.2857143,56,24,17,6,5
6/12/2018,Yeezy,452.3695652,46,24,17,6,5
6/13/2018,Yeezy,427.4626866,67,24,17,6,5
6/14/2018,Yeezy,452.6666667,45,25,12,5,4
6/15/2018,Yeezy,438.2040816,49,25,12,5,4
6/16/2018,Yeezy,447.7234043,47,25,12,5,4
6/17/2018,Yeezy,475.5789474,38,25,12,5,4
6/18/2018,Yeezy,425.75,40,25,12,5,4
6/19/2018,Yeezy,444.6666667,48,25,12,5,4
6/20/2018,Yeezy,516.8297872,47,25,12,5,4
6/21/2018,Yeezy,454.5689655,58,66,9,10,4
6/22/2018,Yeezy,414.3333333,60,66,9,10,4
6/23/2018,Yeezy,434.2647059,68,66,9,10,4
6/24/2018,Yeezy,417.3902439,41,66,9,10,4
6/25/2018,Yeezy,423.5892857,56,66,9,10,4
6/26/2018,Yeezy,407.3761468,109,66,9,10,4
6/27/2018,Yeezy,401.412844,109,66,9,10,4
6/28/2018,Yeezy,353.3697479,119,68,10,9,3
6/29/2018,Yeezy,316.1489971,349,68,10,9,3
6/30/2018,Yeezy,307.4764293,997,68,10,9,3
7/1/2018,Yeezy,310.9976359,423,68,10,9,3
7/2/2018,Yeezy,320.9556213,338,68,10,9,3
7/3/2018,Yeezy,312.4751773,282,68,10,9,3
7/4/2018,Yeezy,312.626943,193,68,10,9,3
7/5/2018,Yeezy,304.2936047,344,52,8,7,4
7/6/2018,Yeezy,294.706044,364,52,8,7,4
7/7/2018,Yeezy,304.3396947,262,52,8,7,4
7/8/2018,Yeezy,314.5745856,181,52,8,7,4
7/9/2018,Yeezy,298.584507,284,52,8,7,4
7/10/2018,Yeezy,301.4692308,260,52,8,7,4
7/11/2018,Yeezy,308.0896226,212,52,8,7,4
7/12/2018,Yeezy,313.5666667,180,35,7,6,4
7/13/2018,Yeezy,304.3258427,178,35,7,6,4
7/14/2018,Yeezy,308.1848739,119,35,7,6,4
7/15/2018,Yeezy,323.8467742,124,35,7,6,4
7/16/2018,Yeezy,317.3607595,158,35,7,6,4
7/17/2018,Yeezy,325.6115702,121,35,7,6,4
7/18/2018,Yeezy,323.3605442,147,35,7,6,4
7/19/2018,Yeezy,324.8098592,142,34,8,5,6
7/20/2018,Yeezy,333.1716418,134,34,8,5,6
7/21/2018,Yeezy,329.9166667,108,34,8,5,6
7/22/2018,Yeezy,346.1401869,107,34,8,5,6
7/23/2018,Yeezy,322.2083333,120,34,8,5,6
7/24/2018,Yeezy,346.4358974,117,34,8,5,6
7/25/2018,Yeezy,343.5773196,97,34,8,5,6
7/26/2018,Yeezy,326.9708738,103,32,8,6,5
7/27/2018,Yeezy,336.9017857,112,32,8,6,5
7/28/2018,Yeezy,331.2,95,32,8,6,5
7/29/2018,Yeezy,370.2616822,107,32,8,6,5
7/30/2018,Yeezy,323.9642857,112,32,8,6,5
7/31/2018,Yeezy,343.9134615,104,32,8,6,5
8/1/2018,Yeezy,350.1037736,106,32,8,6,5
8/2/2018,Yeezy,348.2377049,122,26,11,6,4
8/3/2018,Yeezy,333.6956522,115,26,11,6,4
8/4/2018,Yeezy,337.3510638,94,26,11,6,4
8/5/2018,Yeezy,325.7613636,88,26,11,6,4
8/6/2018,Yeezy,337.5,108,26,11,6,4
8/7/2018,Yeezy,351.2371134,97,26,11,6,4
8/8/2018,Yeezy,328.8220339,118,26,11,6,4
8/9/2018,Yeezy,331.3448276,116,23,10,6,4
8/10/2018,Yeezy,332.8992248,129,23,10,6,4
8/11/2018,Yeezy,349.8461538,91,23,10,6,4
8/12/2018,Yeezy,328.5402299,87,23,10,6,4
8/13/2018,Yeezy,357.9115044,113,23,10,6,4
8/14/2018,Yeezy,334.5737705,122,23,10,6,4
8/15/2018,Yeezy,326.8732394,142,23,10,6,4
8/16/2018,Yeezy,373.4852941,136,22,8,6,4
8/17/2018,Yeezy,299.8881579,304,22,8,6,4
8/18/2018,Yeezy,326.3660714,112,22,8,6,4
8/19/2018,Yeezy,344.4269663,89,22,8,6,4
8/20/2018,Yeezy,336.2580645,155,22,8,6,4
8/21/2018,Yeezy,338.9150943,106,22,8,6,4
8/22/2018,Yeezy,362.9893617,94,22,8,6,4
8/23/2018,Yeezy,353.1122449,98,22,8,5,4
8/24/2018,Yeezy,346.5357143,84,22,8,5,4
8/25/2018,Yeezy,358.4337349,83,22,8,5,4
8/26/2018,Yeezy,351.8227848,79,22,8,5,4
8/27/2018,Yeezy,342.4831461,89,22,8,5,4
8/28/2018,Yeezy,341.9042553,94,22,8,5,4
8/29/2018,Yeezy,358.0116279,86,22,8,5,4
8/30/2018,Yeezy,358.8243243,74,21,11,6,4
8/31/2018,Yeezy,361.556962,79,21,11,6,4
9/1/2018,Yeezy,366.5822785,79,21,11,6,4
9/2/2018,Yeezy,378.3269231,52,21,11,6,4
9/3/2018,Yeezy,395.345679,81,21,11,6,4
9/4/2018,Yeezy,352.5897436,78,21,11,6,4
9/5/2018,Yeezy,364.8333333,72,21,11,6,4
9/6/2018,Yeezy,370.9041096,73,21,14,7,3
9/7/2018,Yeezy,350.369863,73,21,14,7,3
9/8/2018,Yeezy,350.4285714,63,21,14,7,3
9/9/2018,Yeezy,379.5,68,21,14,7,3
9/10/2018,Yeezy,348.9594595,74,21,14,7,3
9/11/2018,Yeezy,387.9402985,67,21,14,7,3
9/12/2018,Yeezy,364.3030303,66,21,14,7,3
9/13/2018,Yeezy,371.2361111,72,25,14,15,4
9/14/2018,Yeezy,365.1639344,61,25,14,15,4
9/15/2018,Yeezy,376.1369863,73,25,14,15,4
9/16/2018,Yeezy,342.057971,69,25,14,15,4
9/17/2018,Yeezy,358.3157895,76,25,14,15,4
9/18/2018,Yeezy,371.5638298,94,25,14,15,4
9/19/2018,Yeezy,399.7916667,72,25,14,15,4
9/20/2018,Yeezy,348.744186,129,21,14,10,4
9/21/2018,Yeezy,336.9568966,116,21,14,10,4
9/22/2018,Yeezy,353.244186,86,21,14,10,4
9/23/2018,Yeezy,369.6329114,79,21,14,10,4
9/24/2018,Yeezy,358.7090909,110,21,14,10,4
9/25/2018,Yeezy,317.8125,128,21,14,10,4
9/26/2018,Yeezy,304.2327044,159,21,14,10,4
9/27/2018,Yeezy,300.6165803,193,16,40,9,5
9/28/2018,Yeezy,294.6894977,219,16,40,9,5
9/29/2018,Yeezy,274.9575758,165,16,40,9,5
9/30/2018,Yeezy,288.5536723,177,16,40,9,5
10/1/2018,Yeezy,293.2241379,174,16,40,9,5
10/2/2018,Yeezy,292.3219512,205,16,40,9,5
10/3/2018,Yeezy,283.3109756,164,16,40,9,5
10/4/2018,Yeezy,282.6896552,145,21,43,7,5
10/5/2018,Yeezy,322.1761364,176,21,43,7,5
10/6/2018,Yeezy,295.9007634,131,21,43,7,5
10/7/2018,Yeezy,289.3942308,104,21,43,7,5
10/8/2018,Yeezy,314.5652174,138,21,43,7,5
10/9/2018,Yeezy,312.4296875,128,21,43,7,5
10/10/2018,Yeezy,305.1015625,128,21,43,7,5
10/11/2018,Yeezy,302.2089552,134,25,27,6,4
10/12/2018,Yeezy,319.1472868,129,25,27,6,4
10/13/2018,Yeezy,322.2150538,93,25,27,6,4
10/14/2018,Yeezy,310.4123711,97,25,27,6,4
10/15/2018,Yeezy,295.3364486,107,25,27,6,4
10/16/2018,Yeezy,292.7387387,111,25,27,6,4
10/17/2018,Yeezy,304.5130435,115,25,27,6,4
10/18/2018,Yeezy,317.2967033,91,19,10,7,4
10/19/2018,Yeezy,310.4299065,107,19,10,7,4
10/20/2018,Yeezy,308.8928571,84,19,10,7,4
10/21/2018,Yeezy,276.556962,79,19,10,7,4
10/22/2018,Yeezy,304.6145833,96,19,10,7,4
10/23/2018,Yeezy,302.0582524,103,19,10,7,4
10/24/2018,Yeezy,303.012987,77,19,10,7,4
10/25/2018,Yeezy,340.5632184,87,14,14,8,4
10/26/2018,Yeezy,306.0128205,78,14,14,8,4
10/27/2018,Yeezy,305.4204545,88,14,14,8,4
10/28/2018,Yeezy,309.56,75,14,14,8,4
10/29/2018,Yeezy,314.0915256,117,14,14,8,4
10/30/2018,Yeezy,306.8125,96,14,14,8,4
10/31/2018,Yeezy,305.5748019,260,14,14,8,4
11/1/2018,Yeezy,295.1258278,151,13,8,7,4
11/2/2018,Yeezy,311.161409,89,13,8,7,4
11/3/2018,Yeezy,308,79,13,8,7,4
11/4/2018,Yeezy,322.0930233,86,13,8,7,4
11/5/2018,Yeezy,328.8275862,87,13,8,7,4
11/6/2018,Yeezy,291.137931,87,13,8,7,4
11/7/2018,Yeezy,303.9878049,82,13,8,7,4
11/8/2018,Yeezy,313.1460674,89,14,8,12,4
11/9/2018,Yeezy,305.5535714,112,14,8,12,4
11/10/2018,Yeezy,324.8526316,95,14,8,12,4
11/11/2018,Yeezy,306.0111111,90,14,8,12,4
11/12/2018,Yeezy,313.7741033,91,14,8,12,4
11/13/2018,Yeezy,308.8833333,120,14,8,12,4
11/14/2018,Yeezy,303.8783784,148,14,8,12,4
11/15/2018,Yeezy,291.0358744,223,13,6,14,5
11/16/2018,Yeezy,292.0856924,1351,13,6,14,5
11/17/2018,Yeezy,290.3753608,485,13,6,14,5
11/18/2018,Yeezy,294.4359826,299,13,6,14,5
11/19/2018,Yeezy,290.7403509,285,13,6,14,5
11/20/2018,Yeezy,290.5217391,276,13,6,14,5
11/21/2018,Yeezy,286.1623456,298,13,6,14,5
11/22/2018,Yeezy,287.9429429,333,13,7,12,5
11/23/2018,Yeezy,282.9928227,1141,13,7,12,5
11/24/2018,Yeezy,288.8850575,435,13,7,12,5
11/25/2018,Yeezy,287.8430769,325,13,7,12,5
11/26/2018,Yeezy,308.0531401,621,13,7,12,5
11/27/2018,Yeezy,287.3731221,371,13,7,12,5
11/28/2018,Yeezy,286.1768489,311,13,7,12,5
11/29/2018,Yeezy,286.132515,313,13,7,10,4
11/30/2018,Yeezy,285.5184211,380,13,7,10,4
12/1/2018,Yeezy,287.7636986,292,13,7,10,4
12/2/2018,Yeezy,285.2701128,281,13,7,10,4
12/3/2018,Yeezy,288.8283207,309,13,7,10,4
12/4/2018,Yeezy,288.4129112,286,13,7,10,4
12/5/2018,Yeezy,289.7289017,288,13,7,10,4
12/6/2018,Yeezy,284.0209285,270,21,16,12,5
12/7/2018,Yeezy,291.8355263,304,21,16,12,5
12/8/2018,Yeezy,294.6667566,281,21,16,12,5
12/9/2018,Yeezy,296.7137097,248,21,16,12,5
12/10/2018,Yeezy,306.7743056,288,21,16,12,5
12/11/2018,Yeezy,289.2632785,293,21,16,12,5
12/12/2018,Yeezy,297.3202614,306,21,16,12,5
12/13/2018,Yeezy,291.6307278,371,15,11,10,5
12/14/2018,Yeezy,297.0957592,731,15,11,10,5
12/15/2018,Yeezy,295.8625954,393,15,11,10,5
12/16/2018,Yeezy,293.7485714,350,15,11,10,5
12/17/2018,Yeezy,303.2414773,352,15,11,10,5
12/18/2018,Yeezy,303.9176136,352,15,11,10,5
12/19/2018,Yeezy,303.8415842,303,15,11,10,5
12/20/2018,Yeezy,300.3289474,304,13,7,20,5
12/21/2018,Yeezy,302.4862069,290,13,7,20,5
12/22/2018,Yeezy,298.3730769,260,13,7,20,5
12/23/2018,Yeezy,300.5344828,232,13,7,20,5
12/24/2018,Yeezy,304.1000346,246,13,7,20,5
12/25/2018,Yeezy,302.5722564,353,13,7,20,5
12/26/2018,Yeezy,319.8558719,562,13,7,20,5
12/27/2018,Yeezy,297.9175906,896,14,10,9,4
12/28/2018,Yeezy,312.942029,621,14,10,9,4
12/29/2018,Yeezy,326.3180778,437,14,10,9,4
12/30/2018,Yeezy,311.6723821,324,14,10,9,4
12/31/2018,Yeezy,312.9748201,278,14,10,9,4
1/1/2019,Yeezy,315.4236641,262,14,10,9,4
1/2/2019,Yeezy,339.0585106,376,14,10,9,4
1/3/2019,Yeezy,325.6749642,452,17,6,8,4
1/4/2019,Yeezy,323.0972748,519,17,6,8,4
1/5/2019,Yeezy,319.5601736,406,17,6,8,4
1/6/2019,Yeezy,325.0109327,318,17,6,8,4
1/7/2019,Yeezy,339.5985222,406,17,6,8,4
1/8/2019,Yeezy,343.7704285,414,17,6,8,4
1/9/2019,Yeezy,326.8514412,451,17,6,8,4
1/10/2019,Yeezy,319.8083507,339,14,6,7,4
1/11/2019,Yeezy,319.1265397,345,14,6,7,4
1/12/2019,Yeezy,324.1433566,286,14,6,7,4
1/13/2019,Yeezy,319.5659574,235,14,6,7,4
1/14/2019,Yeezy,327.1146245,253,14,6,7,4
1/15/2019,Yeezy,326.752,250,14,6,7,4
1/16/2019,Yeezy,322.5503597,278,14,6,7,4
1/17/2019,Yeezy,316.854251,247,13,6,6,4
1/18/2019,Yeezy,317.1769231,260,13,6,6,4
1/19/2019,Yeezy,317.5081967,244,13,6,6,4
1/20/2019,Yeezy,321.8515284,229,13,6,6,4
1/21/2019,Yeezy,334.3146552,232,13,6,6,4
1/22/2019,Yeezy,325.8426084,215,13,6,6,4
1/23/2019,Yeezy,331.5750439,196,13,6,6,4
1/24/2019,Yeezy,320.0235236,208,11,6,6,4
1/25/2019,Yeezy,329.9723452,219,11,6,6,4
1/26/2019,Yeezy,337.0604523,193,11,6,6,4
1/27/2019,Yeezy,336.3764451,193,11,6,6,4
1/28/2019,Yeezy,328.7568775,200,11,6,6,4
1/29/2019,Yeezy,354.1481772,189,11,6,6,4
1/30/2019,Yeezy,328.2181054,185,11,6,6,4
1/31/2019,Yeezy,337.8947764,199,11,5,5,5
2/1/2019,Yeezy,324.3128205,195,11,5,5,5
2/2/2019,Yeezy,342.9518072,166,11,5,5,5
2/3/2019,Yeezy,333.3516412,165,11,5,5,5
2/4/2019,Yeezy,337.029703,202,11,5,5,5
2/5/2019,Yeezy,336.7408907,247,11,5,5,5
2/6/2019,Yeezy,386.0055257,567,11,5,5,5
2/7/2019,Yeezy,375.7705988,425,18,6,5,4
2/8/2019,Yeezy,357.2378855,227,18,6,5,4
2/9/2019,Yeezy,346.8677776,210,18,6,5,4
2/10/2019,Yeezy,348.9759615,208,18,6,5,4
2/11/2019,Yeezy,340.1331308,247,18,6,5,4
2/12/2019,Yeezy,343.713615,213,18,6,5,4
2/13/2019,Yeezy,336.2070597,211,18,6,5,4
