allAvg.csv
Date,Brand,AvgPrice,UnitSold,DrakeT,KanyeT,YeezyT,OffWhiteT
1/2/2018,Off-White,652.25,16,11,6,8,3
1/3/2018,Off-White,842.0909091,22,11,6,8,3
1/4/2018,Off-White,805.95,20,10,6,7,4
1/5/2018,Off-White,702.2380952,21,10,6,7,4
1/6/2018,Off-White,828.3333333,15,10,6,7,4
1/7/2018,Off-White,773.9285714,14,10,6,7,4
1/8/2018,Off-White,804.2857143,14,10,6,7,4
1/9/2018,Off-White,804.8823529,17,10,6,7,4
1/10/2018,Off-White,728.7058824,17,10,6,7,4
1/11/2018,Off-White,831,22,14,12,6,4
1/12/2018,Off-White,815.8666667,15,14,12,6,4
1/13/2018,Off-White,827.5714286,14,14,12,6,4
1/14/2018,Off-White,840,13,14,12,6,4
1/15/2018,Off-White,741.7333333,15,14,12,6,4
1/16/2018,Off-White,825.75,12,14,12,6,4
1/17/2018,Off-White,851.4117647,17,14,12,6,4
1/18/2018,Off-White,841.7,20,19,7,6,3
1/19/2018,Off-White,773.0555556,18,19,7,6,3
1/20/2018,Off-White,846.3125,16,19,7,6,3
1/21/2018,Off-White,850.8571429,14,19,7,6,3
1/22/2018,Off-White,812.3076923,13,19,7,6,3
1/23/2018,Off-White,783.9411765,17,19,7,6,3
1/24/2018,Off-White,833.3571429,14,19,7,6,3
1/25/2018,Off-White,809.7333333,15,14,8,7,4
1/26/2018,Off-White,749.7619048,21,14,8,7,4
1/27/2018,Off-White,830.5384615,13,14,8,7,4
1/28/2018,Off-White,874.2727273,11,14,8,7,4
1/29/2018,Off-White,1088.666667,9,14,8,7,4
1/30/2018,Off-White,954.9411765,17,14,8,7,4
1/31/2018,Off-White,833,11,14,8,7,4
2/1/2018,Off-White,977.2857143,14,14,7,6,3
2/2/2018,Off-White,989.5714286,14,14,7,6,3
2/3/2018,Off-White,877.3636364,11,14,7,6,3
2/4/2018,Off-White,838.7777778,9,14,7,6,3
2/5/2018,Off-White,944.125,8,14,7,6,3
2/6/2018,Off-White,764.6666667,12,14,7,6,3
2/7/2018,Off-White,961.0833333,12,14,7,6,3
2/8/2018,Off-White,913.1818182,11,19,7,7,3
2/9/2018,Off-White,960.2727273,11,19,7,7,3
2/10/2018,Off-White,882.25,8,19,7,7,3
2/11/2018,Off-White,908.6,10,19,7,7,3
2/12/2018,Off-White,885.2307692,13,19,7,7,3
2/13/2018,Off-White,862.6666667,12,19,7,7,3
2/14/2018,Off-White,897.625,8,19,7,7,3
2/15/2018,Off-White,1109,5,18,6,6,4
2/16/2018,Off-White,993,9,18,6,6,4
2/17/2018,Off-White,845,10,18,6,6,4
2/18/2018,Off-White,929.3333333,9,18,6,6,4
2/19/2018,Off-White,869.5333333,15,18,6,6,4
2/20/2018,Off-White,842.9375,16,18,6,6,4
2/21/2018,Off-White,958.0909091,11,18,6,6,4
2/22/2018,Off-White,988.7647059,17,16,6,6,4
2/23/2018,Off-White,917.1,10,16,6,6,4
2/24/2018,Off-White,1029.214286,14,16,6,6,4
2/25/2018,Off-White,1145.230769,13,16,6,6,4
2/26/2018,Off-White,1280.230769,13,16,6,6,4
2/27/2018,Off-White,1077.555556,18,16,6,6,4
2/28/2018,Off-White,1028,22,16,6,6,4
3/1/2018,Off-White,1106.9375,16,14,5,9,4
3/2/2018,Off-White,1226.409091,22,14,5,9,4
3/3/2018,Off-White,1414,32,14,5,9,4
3/4/2018,Off-White,1343.4,20,14,5,9,4
3/5/2018,Off-White,1239.411765,17,14,5,9,4
3/6/2018,Off-White,1389.5,14,14,5,9,4
3/7/2018,Off-White,1347.85,20,14,5,9,4
3/8/2018,Off-White,1235.45,20,17,7,7,3
3/9/2018,Off-White,1181.45,20,17,7,7,3
3/10/2018,Off-White,1094.470588,17,17,7,7,3
3/11/2018,Off-White,1344.384615,13,17,7,7,3
3/12/2018,Off-White,1157.769231,13,17,7,7,3
3/13/2018,Off-White,1118.307692,13,17,7,7,3
3/14/2018,Off-White,1205.875,16,17,7,7,3
3/15/2018,Off-White,1129.8,10,15,6,6,3
3/16/2018,Off-White,1136.9,10,15,6,6,3
3/17/2018,Off-White,1099.5,8,15,6,6,3
3/18/2018,Off-White,1226,9,15,6,6,3
3/19/2018,Off-White,1090.1,10,15,6,6,3
3/20/2018,Off-White,1127.133333,15,15,6,6,3
3/21/2018,Off-White,1154.1,10,15,6,6,3
3/22/2018,Off-White,1095.888889,9,14,7,5,6
3/23/2018,Off-White,1117.1,10,14,7,5,6
3/24/2018,Off-White,1195.076923,13,14,7,5,6
3/25/2018,Off-White,1007.7,10,14,7,5,6
3/26/2018,Off-White,1056.695652,23,14,7,5,6
3/27/2018,Off-White,1011.363636,11,14,7,5,6
3/28/2018,Off-White,939.1538462,26,14,7,5,6
3/29/2018,Off-White,763.6842105,38,17,6,5,4
3/30/2018,Off-White,721.8055556,72,17,6,5,4
3/31/2018,Off-White,737.6818182,44,17,6,5,4
4/1/2018,Off-White,875.4230769,26,17,6,5,4
4/2/2018,Off-White,840.5833333,36,17,6,5,4
4/3/2018,Off-White,790.5135135,37,17,6,5,4
4/4/2018,Off-White,732.2272727,44,17,6,5,4
4/5/2018,Off-White,768.0196078,51,20,6,7,4
4/6/2018,Off-White,708.4313725,51,20,6,7,4
4/7/2018,Off-White,789.78125,32,20,6,7,4
4/8/2018,Off-White,831.7307692,26,20,6,7,4
4/9/2018,Off-White,773.6052632,38,20,6,7,4
4/10/2018,Off-White,728.5294118,34,20,6,7,4
4/11/2018,Off-White,744.9428571,35,20,6,7,4
4/12/2018,Off-White,755.65625,32,17,10,7,3
4/13/2018,Off-White,702.2820513,39,17,10,7,3
4/14/2018,Off-White,652.1263158,95,17,10,7,3
4/15/2018,Off-White,694.8596491,57,17,10,7,3
4/16/2018,Off-White,645.1,50,17,10,7,3
4/17/2018,Off-White,660.3492063,63,17,10,7,3
4/18/2018,Off-White,639.028169,71,17,10,7,3
4/19/2018,Off-White,703.245614,57,15,56,8,4
4/20/2018,Off-White,579.2682927,41,15,56,8,4
4/21/2018,Off-White,685.7878788,33,15,56,8,4
4/22/2018,Off-White,729.7352941,34,15,56,8,4
4/23/2018,Off-White,622.44,50,15,56,8,4
4/24/2018,Off-White,745.2439024,41,15,56,8,4
4/25/2018,Off-White,680.8,35,15,56,8,4
4/26/2018,Off-White,848.7586207,29,17,73,6,3
4/27/2018,Off-White,654.9655172,29,17,73,6,3
4/28/2018,Off-White,766.1481481,27,17,73,6,3
4/29/2018,Off-White,616.2,20,17,73,6,3
4/30/2018,Off-White,752.1111111,36,17,73,6,3
5/1/2018,Off-White,719.5416667,24,17,73,6,3
5/2/2018,Off-White,722,24,17,73,6,3
5/3/2018,Off-White,864.7692308,26,14,24,5,5
5/4/2018,Off-White,746.84,25,14,24,5,5
5/5/2018,Off-White,687.8666667,15,14,24,5,5
5/6/2018,Off-White,970.7058824,17,14,24,5,5
5/7/2018,Off-White,724.9655172,29,14,24,5,5
5/8/2018,Off-White,831.96875,32,14,24,5,5
5/9/2018,Off-White,767.55,20,14,24,5,5
5/10/2018,Off-White,860.5714286,28,24,11,5,3
5/11/2018,Off-White,875.9444444,18,24,11,5,3
5/12/2018,Off-White,796.1111111,18,24,11,5,3
5/13/2018,Off-White,763.7619048,21,24,11,5,3
5/14/2018,Off-White,730.969697,33,24,11,5,3
5/15/2018,Off-White,800.4090909,22,24,11,5,3
5/16/2018,Off-White,907.0909091,22,24,11,5,3
5/17/2018,Off-White,892.1176471,17,25,11,4,4
5/18/2018,Off-White,840.0769231,13,25,11,4,4
5/19/2018,Off-White,784.15,20,25,11,4,4
5/20/2018,Off-White,896.5882353,17,25,11,4,4
5/21/2018,Off-White,852.5714286,21,25,11,4,4
5/22/2018,Off-White,910.8636364,22,25,11,4,4
5/23/2018,Off-White,1175.73913,69,25,11,4,4
5/24/2018,Off-White,1131.982301,113,100,35,5,4
5/25/2018,Off-White,1059.00813,123,100,35,5,4
5/26/2018,Off-White,1042.132353,136,100,35,5,4
5/27/2018,Off-White,959.5268817,93,100,35,5,4
5/28/2018,Off-White,929.0777778,90,100,35,5,4
5/29/2018,Off-White,892.0272109,147,100,35,5,4
5/30/2018,Off-White,885.4170404,223,100,35,5,4
5/31/2018,Off-White,873.0763359,131,32,28,6,4
6/1/2018,Off-White,871.1355932,59,32,28,6,4
6/2/2018,Off-White,903.3469388,49,32,28,6,4
6/3/2018,Off-White,795.7142857,49,32,28,6,4
6/4/2018,Off-White,861.761194,67,32,28,6,4
6/5/2018,Off-White,766.2777778,54,32,28,6,4
6/6/2018,Off-White,850.1896552,58,32,28,6,4
6/7/2018,Off-White,888.3,50,24,17,6,5
6/8/2018,Off-White,795.4363636,55,24,17,6,5
6/9/2018,Off-White,897.1190476,42,24,17,6,5
6/10/2018,Off-White,811.7391304,46,24,17,6,5
6/11/2018,Off-White,804.1842105,38,24,17,6,5
6/12/2018,Off-White,805.9032258,62,24,17,6,5
6/13/2018,Off-White,752.2045455,88,24,17,6,5
6/14/2018,Off-White,526.9701493,134,25,12,5,4
6/15/2018,Off-White,646.6694215,121,25,12,5,4
6/16/2018,Off-White,659.3857143,70,25,12,5,4
6/17/2018,Off-White,637.1184211,76,25,12,5,4
6/18/2018,Off-White,594.6965174,201,25,12,5,4
6/19/2018,Off-White,597.103139,223,25,12,5,4
6/20/2018,Off-White,561.4150943,159,25,12,5,4
6/21/2018,Off-White,561.488,125,66,9,10,4
6/22/2018,Off-White,589.3737374,99,66,9,10,4
6/23/2018,Off-White,709.9384615,130,66,9,10,4
6/24/2018,Off-White,699.6714286,70,66,9,10,4
6/25/2018,Off-White,680.1020408,98,66,9,10,4
6/26/2018,Off-White,750,66,66,9,10,4
6/27/2018,Off-White,735.8783784,74,66,9,10,4
6/28/2018,Off-White,617.0819672,61,68,10,9,3
6/29/2018,Off-White,660.4347826,46,68,10,9,3
6/30/2018,Off-White,698.8611111,36,68,10,9,3
7/1/2018,Off-White,639.2258065,31,68,10,9,3
7/2/2018,Off-White,731.6666667,48,68,10,9,3
7/3/2018,Off-White,785.4565217,46,68,10,9,3
7/4/2018,Off-White,727.4666667,30,68,10,9,3
7/5/2018,Off-White,741.5263158,38,52,8,7,4
7/6/2018,Off-White,720.6923077,39,52,8,7,4
7/7/2018,Off-White,666.5384615,26,52,8,7,4
7/8/2018,Off-White,689.3055556,36,52,8,7,4
7/9/2018,Off-White,773.0384615,52,52,8,7,4
7/10/2018,Off-White,771.2,45,52,8,7,4
7/11/2018,Off-White,758.1666667,48,52,8,7,4
7/12/2018,Off-White,745.6756757,37,35,7,6,4
7/13/2018,Off-White,754.974359,39,35,7,6,4
7/14/2018,Off-White,763.1470588,34,35,7,6,4
7/15/2018,Off-White,677.5945946,37,35,7,6,4
7/16/2018,Off-White,736.875,56,35,7,6,4
7/17/2018,Off-White,729.7971014,69,35,7,6,4
7/18/2018,Off-White,767.3707865,89,35,7,6,4
7/19/2018,Off-White,674.59375,64,34,8,5,6
7/20/2018,Off-White,692.0882353,34,34,8,5,6
7/21/2018,Off-White,680.0714286,42,34,8,5,6
7/22/2018,Off-White,720.8636364,22,34,8,5,6
7/23/2018,Off-White,738.5744681,47,34,8,5,6
7/24/2018,Off-White,761.7592593,54,34,8,5,6
7/25/2018,Off-White,771.1,60,34,8,5,6
7/26/2018,Off-White,703.0645161,93,32,8,6,5
7/27/2018,Off-White,721.0058824,170,32,8,6,5
7/28/2018,Off-White,735.5,102,32,8,6,5
7/29/2018,Off-White,734.3188406,69,32,8,6,5
7/30/2018,Off-White,739.2022472,89,32,8,6,5
7/31/2018,Off-White,713.0875,160,32,8,6,5
8/1/2018,Off-White,721.6408451,142,32,8,6,5
8/2/2018,Off-White,711.8580645,155,26,11,6,4
8/3/2018,Off-White,698.6702128,188,26,11,6,4
8/4/2018,Off-White,704.1315789,114,26,11,6,4
8/5/2018,Off-White,665.4123711,97,26,11,6,4
8/6/2018,Off-White,676.8898305,118,26,11,6,4
8/7/2018,Off-White,700.942623,122,26,11,6,4
8/8/2018,Off-White,709.8888889,108,26,11,6,4
8/9/2018,Off-White,670.0980392,153,23,10,6,4
8/10/2018,Off-White,689.8790323,124,23,10,6,4
8/11/2018,Off-White,685.304878,82,23,10,6,4
8/12/2018,Off-White,748.8873239,71,23,10,6,4
8/13/2018,Off-White,766.2380952,84,23,10,6,4
8/14/2018,Off-White,827.0666667,135,23,10,6,4
8/15/2018,Off-White,772.6767677,198,23,10,6,4
8/16/2018,Off-White,794.7083333,72,22,8,6,4
8/17/2018,Off-White,760.1785714,56,22,8,6,4
8/18/2018,Off-White,864.8043478,46,22,8,6,4
8/19/2018,Off-White,856.8157895,38,22,8,6,4
8/20/2018,Off-White,748.779661,59,22,8,6,4
8/21/2018,Off-White,730.4782609,46,22,8,6,4
8/22/2018,Off-White,828.5319149,47,22,8,6,4
8/23/2018,Off-White,781.8181818,44,22,8,5,4
8/24/2018,Off-White,800.4642857,28,22,8,5,4
8/25/2018,Off-White,850.5714286,35,22,8,5,4
8/26/2018,Off-White,878.5384615,39,22,8,5,4
8/27/2018,Off-White,867.0754717,53,22,8,5,4
8/28/2018,Off-White,841.9056604,53,22,8,5,4
8/29/2018,Off-White,835.9655172,58,22,8,5,4
8/30/2018,Off-White,850.6885246,61,21,11,6,4
8/31/2018,Off-White,853.1111111,54,21,11,6,4
9/1/2018,Off-White,841.4722222,36,21,11,6,4
9/2/2018,Off-White,780.92,25,21,11,6,4
9/3/2018,Off-White,790.4166667,36,21,11,6,4
9/4/2018,Off-White,751.6363636,44,21,11,6,4
9/5/2018,Off-White,865.8666667,45,21,11,6,4
9/6/2018,Off-White,847.452381,42,21,14,7,3
9/7/2018,Off-White,769.7027027,37,21,14,7,3
9/8/2018,Off-White,826.2,30,21,14,7,3
9/9/2018,Off-White,837.8387097,31,21,14,7,3
9/10/2018,Off-White,787.8461538,39,21,14,7,3
9/11/2018,Off-White,743.4545455,33,21,14,7,3
9/12/2018,Off-White,769.7307692,26,21,14,7,3
9/13/2018,Off-White,779.7777778,27,25,14,15,4
9/14/2018,Off-White,777.9210526,38,25,14,15,4
9/15/2018,Off-White,799.04,25,25,14,15,4
9/16/2018,Off-White,690.96,25,25,14,15,4
9/17/2018,Off-White,771.9117647,34,25,14,15,4
9/18/2018,Off-White,748.4285714,35,25,14,15,4
9/19/2018,Off-White,858.4848485,33,25,14,15,4
9/20/2018,Off-White,782.6923077,39,21,14,10,4
9/21/2018,Off-White,823.125,32,21,14,10,4
9/22/2018,Off-White,793.75,24,21,14,10,4
9/23/2018,Off-White,721.1515152,33,21,14,10,4
9/24/2018,Off-White,750.8888889,36,21,14,10,4
9/25/2018,Off-White,703.32,25,21,14,10,4
9/26/2018,Off-White,712.1515152,33,21,14,10,4
9/27/2018,Off-White,736.5846154,65,16,40,9,5
9/28/2018,Off-White,707.1276596,47,16,40,9,5
9/29/2018,Off-White,738,42,16,40,9,5
9/30/2018,Off-White,773.5454545,33,16,40,9,5
10/1/2018,Off-White,709.3043478,46,16,40,9,5
10/2/2018,Off-White,699.8705882,85,16,40,9,5
10/3/2018,Off-White,675.6315789,209,16,40,9,5
10/4/2018,Off-White,670.7256098,164,21,43,7,5
10/5/2018,Off-White,649.6702128,188,21,43,7,5
10/6/2018,Off-White,595.8288288,111,21,43,7,5
10/7/2018,Off-White,621,75,21,43,7,5
10/8/2018,Off-White,635.484127,126,21,43,7,5
10/9/2018,Off-White,675.9482759,116,21,43,7,5
10/10/2018,Off-White,677.2,95,21,43,7,5
10/11/2018,Off-White,612.5263158,76,25,27,6,4
10/12/2018,Off-White,636.2535211,71,25,27,6,4
10/13/2018,Off-White,652.0204082,49,25,27,6,4
10/14/2018,Off-White,657.4603175,63,25,27,6,4
10/15/2018,Off-White,628.9473684,76,25,27,6,4
10/16/2018,Off-White,703.7619048,63,25,27,6,4
10/17/2018,Off-White,636.6271186,59,25,27,6,4
10/18/2018,Off-White,672.4637681,69,19,10,7,4
10/19/2018,Off-White,666.260274,73,19,10,7,4
10/20/2018,Off-White,669.3076923,65,19,10,7,4
10/21/2018,Off-White,676.3076923,52,19,10,7,4
10/22/2018,Off-White,711.5384615,91,19,10,7,4
10/23/2018,Off-White,654.5402299,87,19,10,7,4
10/24/2018,Off-White,628.627907,86,19,10,7,4
10/25/2018,Off-White,674.706422,109,14,14,8,4
10/26/2018,Off-White,665.6538462,78,14,14,8,4
10/27/2018,Off-White,638.031746,63,14,14,8,4
10/28/2018,Off-White,668.525,40,14,14,8,4
10/29/2018,Off-White,651.967033,91,14,14,8,4
10/30/2018,Off-White,693.6075949,79,14,14,8,4
10/31/2018,Off-White,630.8215385,325,14,14,8,4
11/1/2018,Off-White,673.5132077,130,13,8,7,4
11/2/2018,Off-White,692.9347826,46,13,8,7,4
11/3/2018,Off-White,739.7105263,38,13,8,7,4
11/4/2018,Off-White,702.0540541,37,13,8,7,4
11/5/2018,Off-White,635.75,44,13,8,7,4
11/6/2018,Off-White,639.5333333,45,13,8,7,4
11/7/2018,Off-White,710.893617,47,13,8,7,4
11/8/2018,Off-White,728.2608696,46,14,8,12,4
11/9/2018,Off-White,693.2,40,14,8,12,4
11/10/2018,Off-White,668.9090909,33,14,8,12,4
11/11/2018,Off-White,716.4571429,35,14,8,12,4
11/12/2018,Off-White,644.4814815,54,14,8,12,4
11/13/2018,Off-White,700.125,48,14,8,12,4
11/14/2018,Off-White,658.1481481,54,14,8,12,4
11/15/2018,Off-White,668.08,50,13,6,14,5
11/16/2018,Off-White,636.2972973,37,13,6,14,5
11/17/2018,Off-White,643.8888889,36,13,6,14,5
11/18/2018,Off-White,614.5588235,34,13,6,14,5
11/19/2018,Off-White,708.325,40,13,6,14,5
11/20/2018,Off-White,681.5789474,38,13,6,14,5
11/21/2018,Off-White,675.9047619,42,13,6,14,5
11/22/2018,Off-White,696.6774194,31,13,7,12,5
11/23/2018,Off-White,662.4876033,121,13,7,12,5
11/24/2018,Off-White,669.5263158,38,13,7,12,5
11/25/2018,Off-White,726.675,40,13,7,12,5
11/26/2018,Off-White,667.122449,196,13,7,12,5
11/27/2018,Off-White,560.9625,80,13,7,12,5
11/28/2018,Off-White,375.2920476,210,13,7,12,5
11/29/2018,Off-White,402.7913438,144,13,7,10,4
11/30/2018,Off-White,399.5646139,158,13,7,10,4
12/1/2018,Off-White,398.2692308,104,13,7,10,4
12/2/2018,Off-White,410.8813559,118,13,7,10,4
12/3/2018,Off-White,397.9673375,120,13,7,10,4
12/4/2018,Off-White,421.1375868,106,13,7,10,4
12/5/2018,Off-White,444.3565066,91,13,7,10,4
12/6/2018,Off-White,457.7011494,87,21,16,12,5
12/7/2018,Off-White,451.0674157,89,21,16,12,5
12/8/2018,Off-White,442.5466667,75,21,16,12,5
12/9/2018,Off-White,484.2916667,72,21,16,12,5
12/10/2018,Off-White,467.9462366,93,21,16,12,5
12/11/2018,Off-White,494.167137,100,21,16,12,5
12/12/2018,Off-White,510.5095656,90,21,16,12,5
12/13/2018,Off-White,464.6666667,93,15,11,10,5
12/14/2018,Off-White,417.2201258,159,15,11,10,5
12/15/2018,Off-White,465.5648148,108,15,11,10,5
12/16/2018,Off-White,507.8,95,15,11,10,5
12/17/2018,Off-White,455.1768707,147,15,11,10,5
12/18/2018,Off-White,429.5786517,178,15,11,10,5
12/19/2018,Off-White,430.0354572,327,15,11,10,5
12/20/2018,Off-White,446.0572333,204,13,7,20,5
12/21/2018,Off-White,436.4564103,195,13,7,20,5
12/22/2018,Off-White,435.9859155,142,13,7,20,5
12/23/2018,Off-White,442.5748112,107,13,7,20,5
12/24/2018,Off-White,429.1284404,109,13,7,20,5
12/25/2018,Off-White,456.047619,147,13,7,20,5
12/26/2018,Off-White,483.9508197,183,13,7,20,5
12/27/2018,Off-White,454.1014493,138,14,10,9,4
12/28/2018,Off-White,469.1197183,142,14,10,9,4
12/29/2018,Off-White,487.173913,92,14,10,9,4
12/30/2018,Off-White,454.9027778,72,14,10,9,4
12/31/2018,Off-White,556.236153,66,14,10,9,4
1/1/2019,Off-White,538.6911765,68,14,10,9,4
1/2/2019,Off-White,544.4629064,94,14,10,9,4
1/3/2019,Off-White,549.06,100,17,6,8,4
1/4/2019,Off-White,519.383976,75,17,6,8,4
1/5/2019,Off-White,587.0923077,65,17,6,8,4
1/6/2019,Off-White,558.8421053,57,17,6,8,4
1/7/2019,Off-White,544.5168539,89,17,6,8,4
1/8/2019,Off-White,588.1621622,74,17,6,8,4
1/9/2019,Off-White,556.9176471,85,17,6,8,4
1/10/2019,Off-White,532.3880597,67,14,6,7,4
1/11/2019,Off-White,552.5176515,66,14,6,7,4
1/12/2019,Off-White,566,53,14,6,7,4
1/13/2019,Off-White,603.1176471,51,14,6,7,4
1/14/2019,Off-White,545.92,75,14,6,7,4
1/15/2019,Off-White,542.6567164,67,14,6,7,4
1/16/2019,Off-White,609.0689655,58,14,6,7,4
1/17/2019,Off-White,534.9016393,61,13,6,6,4
1/18/2019,Off-White,583.0645161,62,13,6,6,4
1/19/2019,Off-White,567.1041667,48,13,6,6,4
1/20/2019,Off-White,565.9183673,49,13,6,6,4
1/21/2019,Off-White,596.0833333,48,13,6,6,4
1/22/2019,Off-White,601.0793651,63,13,6,6,4
1/23/2019,Off-White,514.1525424,59,13,6,6,4
1/24/2019,Off-White,526.7878788,66,11,6,6,4
1/25/2019,Off-White,576.45,60,11,6,6,4
1/26/2019,Off-White,577.5,56,11,6,6,4
1/27/2019,Off-White,545.5450706,51,11,6,6,4
1/28/2019,Off-White,583.8783784,74,11,6,6,4
1/29/2019,Off-White,592.1570047,64,11,6,6,4
1/30/2019,Off-White,530.3787879,66,11,6,6,4
1/31/2019,Off-White,610.7402597,77,11,5,5,5
2/1/2019,Off-White,609.2368421,76,11,5,5,5
2/2/2019,Off-White,586.600752,50,11,5,5,5
2/3/2019,Off-White,721.1298185,54,11,5,5,5
2/4/2019,Off-White,539.3216892,74,11,5,5,5
2/5/2019,Off-White,638,86,11,5,5,5
2/6/2019,Off-White,567.150641,312,11,5,5,5
2/7/2019,Off-White,554.8210656,468,18,6,5,4
2/8/2019,Off-White,577.1532403,186,18,6,5,4
2/9/2019,Off-White,557.8938507,136,18,6,5,4
2/10/2019,Off-White,558.9789474,95,18,6,5,4
2/11/2019,Off-White,588.590596,198,18,6,5,4
2/12/2019,Off-White,555.028878,191,18,6,5,4
2/13/2019,Off-White,556.9489051,137,18,6,5,4
